// Bun Snapshot v1, https://bun.sh/docs/test/snapshots

exports[`blacklist tests does not create the jei blacklist config if nothing is hidden: creates a polytone tab modifier 1`] = `
"{
  "targets": [
    "botania:botania",
    "create:base",
    "create:palettes",
    "farmersdelight:farmersdelight",
    "minecraft:building_blocks",
    "minecraft:colored_blocks",
    "minecraft:combat",
    "minecraft:food_and_drinks",
    "minecraft:functional_blocks",
    "minecraft:hotbar",
    "minecraft:ingredients",
    "minecraft:inventory",
    "minecraft:natural_blocks",
    "minecraft:op_blocks",
    "minecraft:redstone_blocks",
    "minecraft:search",
    "minecraft:spawn_eggs",
    "minecraft:tools_and_utilities",
    "thermal:thermal.blocks",
    "thermal:thermal.devices",
    "thermal:thermal.foods",
    "thermal:thermal.items",
    "thermal:thermal.tools"
  ],
  "removals": [
    {
      "type": "items_match",
      "items": [
        "minecraft:ice",
        "minecraft:lava",
        "minecraft:stone",
        "minecraft:water"
      ]
    }
  ]
}
"
`;
