// Bun Snapshot v1, https://bun.sh/docs/test/snapshots

exports[`recipe graph generated nodes & edges: nodes.json 1`] = `
[
  {
    "id": "minecraft:recipe/oak_stairs",
    "image": "minecraft:crafting_bench",
    "shape": "image",
  },
  {
    "id": "minecraft:oak_planks",
    "image": "https://icons.macarena.ceo/icons/minecraft/oak_planks.png",
    "shape": "image",
  },
  {
    "id": "minecraft:oak_stairs",
    "image": "https://icons.macarena.ceo/icons/minecraft/oak_stairs.png",
    "shape": "image",
  },
  {
    "id": "minecraft:recipe/oak_slab",
    "image": "minecraft:crafting_bench",
    "shape": "image",
  },
  {
    "id": "minecraft:oak_slab",
    "image": "https://icons.macarena.ceo/icons/minecraft/oak_slab.png",
    "shape": "image",
  },
  {
    "id": "minecraft:recipe/oak_planks",
    "label": "minecraft:recipe/oak_planks",
  },
  {
    "id": "#minecraft:oak_logs",
    "image": "https://icons.macarena.ceo/icons/minecraft/oak_logs.png",
    "shape": "image",
  },
]
`;

exports[`recipe graph generated nodes & edges: edges.json 1`] = `
[
  {
    "arrows": "to",
    "from": "minecraft:recipe/oak_stairs",
    "to": "minecraft:oak_planks",
  },
  {
    "arrows": "to",
    "from": "minecraft:oak_stairs",
    "to": "minecraft:recipe/oak_stairs",
  },
  {
    "arrows": "to",
    "from": "minecraft:recipe/oak_slab",
    "to": "minecraft:oak_planks",
  },
  {
    "arrows": "to",
    "from": "minecraft:oak_slab",
    "to": "minecraft:recipe/oak_slab",
  },
  {
    "arrows": "to",
    "from": "minecraft:recipe/oak_planks",
    "to": "#minecraft:oak_logs",
  },
  {
    "arrows": "to",
    "from": "minecraft:oak_planks",
    "to": "minecraft:recipe/oak_planks",
  },
]
`;
